cargo :    Compiling b
ackend v0.1.0 (C:\User
s\Zhitn\Desktop\Vvoice
\backend)
At line:1 char:116
+ ... (Resolve-Path ta
rget/protoc/bin)"; car
go check > build_error
.log 2>&1
+                     
                   ~~~
~~~~~~~~~~~~~~~~~~~~~~
~~~~~~~~~
    + CategoryInfo    
          : NotSpeci  
  fied: (   Compili   
 ng ba...Vvoice\ba    
ckend):String) []    ,
 RemoteException
    + FullyQualifiedE 
   rrorId : NativeCo  
  mmandError
 
error[E0412]: cannot f
ind type `UDPTunnel` i
n this scope
   --> src\main.rs:150
:15
    |
150 |     UDPTunnel(UD
PTunnel),
    |               ^^
^^^^^^^
    |
   ::: C:\Users\Zhitn\
Desktop\Vvoice\backend
\target\debug\build\ba
ckend-10949b1130c47c27
\out/mumble_proto.rs:1
6:1
    |
 16 | pub struct UdpTu
nnel {
    | ----------------
---- similarly named s
truct `UdpTunnel` defi
ned here
    |
help: there is an enum
 variant `crate::Mumbl
ePacket::UDPTunnel`; t
ry using the variant's
 enum
    |
150 -     UDPTunnel(UD
PTunnel),
150 +     UDPTunnel(cr
ate::MumblePacket),
    |
help: a struct with a 
similar name exists
    |
150 -     UDPTunnel(UD
PTunnel),
150 +     UDPTunnel(Ud
pTunnel),
    |

error[E0412]: cannot f
ind type `ACL` in this
 scope
   --> src\main.rs:162
:9
    |
162 |     ACL(ACL),
    |         ^^^
    |
   ::: C:\Users\Zhitn\
Desktop\Vvoice\backend
\target\debug\build\ba
ckend-10949b1130c47c27
\out/mumble_proto.rs:3
64:1
    |
364 | pub struct Acl {
    | -------------- s
imilarly named struct 
`Acl` defined here
    |
help: there is an enum
 variant `crate::Mumbl
ePacket::ACL`; try usi
ng the variant's enum
    |
162 -     ACL(ACL),
162 +     ACL(crate::M
umblePacket),
    |
help: a struct with a 
similar name exists
    |
162 -     ACL(ACL),
162 +     ACL(Acl),
    |

warning: unused import
: `Buf`
 --> src\main.rs:9:23
  |
9 | use bytes::{BytesM
ut, Buf};
  |                   
    ^^^
  |
  = note: `#[warn(unus
ed_imports)]` (part of
 `#[warn(unused)]`) on
 by default

error[E0277]: `NoCerti
ficateVerification` do
esn't implement `std::
fmt::Debug`
   --> src\main.rs:197
:75
    |
197 |         impl tok
io_rustls::rustls::cli
ent::danger::ServerCer
tVerifier for NoCertif
icateVerification {
    |                 
                      
                      
              ^^^^^^^^
^^^^^^^^^^^^^^^^^ the 
trait `std::fmt::Debug
` is not implemented f
or `NoCertificateVerif
ication`
    |
    = note: add `#[der
ive(Debug)]` to `NoCer
tificateVerification` 
or manually `impl std:
:fmt::Debug for NoCert
ificateVerification`
note: required by a bo
und in `ServerCertVeri
fier`
   --> C:\Users\Zhitn\
.cargo\registry\src\in
dex.crates.io-1949cf8c
6b5b557f\rustls-0.23.3
6\src\verify.rs:69:31
    |
 69 | pub trait Server
CertVerifier: Debug + 
Send + Sync {
    |                 
              ^^^^^ re
quired by this bound i
n `ServerCertVerifier`
help: consider annotat
ing `NoCertificateVeri
fication` with `#[deri
ve(Debug)]`
    |
196 +         #[derive
(Debug)]
197 |         struct N
oCertificateVerificati
on;
    |

error[E0521]: borrowed
 data escapes outside 
of associated function
   --> src\main.rs:246
:22
    |
187 |     pub async fn
 connect(addr: &str, u
ser: &str, pass: &str)
 -> Result<(Self, Mumb
leStream)> {
    |                 
         ----  - let's
 call the lifetime of 
this reference `'1`
    |                 
         |
    |                 
         `addr` is a r
eference that is only 
valid in the associate
d function body
...
246 |         let sock
et = connector.connect
(domain, socket).await
.context("Failed TLS h
andshake")?;
    |                 
     ^^^^^^^^^^^^^^^^^
^^^^^^^^^^^^^^^^
    |                 
     |
    |                 
     `addr` escapes th
e associated function 
body here
    |                 
     argument requires
 that `'1` must outliv
e `'static`

error[E0433]: failed t
o resolve: use of unde
clared type `UDPTunnel
`
  --> src\main.rs:44:4
2
   |
44 |             1 => 
MumblePacket::UDPTunne
l(UDPTunnel::decode(pa
yload)?), 
   |                  
                      
  ^^^^^^^^^ use of und
eclared type `UDPTunne
l`
   |
help: there is an enum
 variant `crate::Mumbl
ePacket::UDPTunnel`; t
ry using the variant's
 enum
   |
44 -             1 => 
MumblePacket::UDPTunne
l(UDPTunnel::decode(pa
yload)?), 
44 +             1 => 
MumblePacket::UDPTunne
l(crate::MumblePacket:
:decode(payload)?), 
   |
help: a struct with a 
similar name exists
   |
44 -             1 => 
MumblePacket::UDPTunne
l(UDPTunnel::decode(pa
yload)?), 
44 +             1 => 
MumblePacket::UDPTunne
l(UdpTunnel::decode(pa
yload)?), 
   |

error[E0433]: failed t
o resolve: use of unde
clared type `ACL`
  --> src\main.rs:68:3
7
   |
68 |             13 =>
 MumblePacket::ACL(ACL
::decode(payload)?),
   |                  
                   ^^^
 use of undeclared typ
e `ACL`
   |
help: there is an enum
 variant `crate::Mumbl
ePacket::ACL`; try usi
ng the variant's enum
   |
68 -             13 =>
 MumblePacket::ACL(ACL
::decode(payload)?),
68 +             13 =>
 MumblePacket::ACL(cra
te::MumblePacket::deco
de(payload)?),
   |
help: a struct with a 
similar name exists
   |
68 -             13 =>
 MumblePacket::ACL(ACL
::decode(payload)?),
68 +             13 =>
 MumblePacket::ACL(Acl
::decode(payload)?),
   |

error[E0599]: no varia
nt or associated item 
named `ECDSA_SHA256_P2
56` found for enum `Si
gnatureScheme` in the 
current scope
   --> src\main.rs:230
:60
    |
230 |                 
    tokio_rustls::rust
ls::SignatureScheme::E
CDSA_SHA256_P256,
    |                 
                      
                     ^
^^^^^^^^^^^^^^^^ varia
nt or associated item 
not found in `Signatur
eScheme`

Some errors have detai
led explanations: E027
7, E0412, E0433, E0521
, E0599.
For more information a
bout an error, try `ru
stc --explain E0277`.
warning: `backend` (bi
n "backend") generated
 1 warning
error: could not compi
le `backend` (bin "bac
kend") due to 7 previo
us errors; 1 warning e
mitted
